=== theta = 0.58905  (d_cav = 20, cutoffA = 10, cutoffB = 2, layer budget = 12) ===
  Nlayers =  1   F_e = 0.12323613   cost = 8.768e-01   
  Nlayers =  2   F_e = 0.12323613   cost = 8.768e-01   
  Nlayers =  3   F_e = 0.32618086   cost = 6.738e-01   
  Nlayers =  4   F_e = 0.50018009   cost = 4.998e-01   
  Nlayers =  5   F_e = 0.81560021   cost = 1.844e-01   
  Nlayers =  6   F_e = 0.97790220   cost = 2.210e-02   
  Nlayers =  7   F_e = 0.99909667   cost = 9.033e-04   F>=0.99@7
  Nlayers =  8   F_e = 0.99980053   cost = 1.995e-04   F>=0.99@7
  Nlayers =  9   F_e = 0.99980047   cost = 1.995e-04   F>=0.99@7
  Nlayers = 10   F_e = 0.99980088   cost = 1.991e-04   F>=0.99@7
  Nlayers = 11   F_e = 0.99983156   cost = 1.684e-04   F>=0.99@7
  Nlayers = 12   F_e = 0.99997479   cost = 2.521e-05   F>=0.99@7 F>=0.9999@12
  best F_e = 0.99997479   branch weights = (0.4282, 0.5718)
  layers for F_e >= 0.99    : 7
  layers for F_e >= 0.9999  : 12
  curves -> data/BS_theta0.589/

  optimized parameters (12 layers, F_e = 0.99997479) -> data/BS_theta0.589/optimized-params

Layer 0
  betaA = (-1.1024701092619597e-06+2.1039290822511413e-07j)
  betaB = (0.08594581745120974+0.06135671514342876j)
  theta = 1.571060387972154
  phi   = 1.3906721849284465

Layer 1
  betaA = (-0.0005909518319676186+0.0006272073881048441j)
  betaB = (-1.2761237051900813-0.9184356649910866j)
  theta = -1.5812945671423322
  phi   = -0.17914221666766297

Layer 2
  betaA = (-0.05228579336372406+0.09005220936022225j)
  betaB = (0.9170659293200226-1.2737939686331747j)
  theta = -1.5253147906038622
  phi   = -0.07365934771837764

Layer 3
  betaA = (-0.17803994892174152-0.16443421218543358j)
  betaB = (-0.00750141081288926+0.011839524026811248j)
  theta = -1.9265179515750182
  phi   = -0.0742005543217403

Layer 4
  betaA = (-0.13093804112510332+0.2044895418395241j)
  betaB = (-0.473449182979428-0.8973890567746601j)
  theta = -0.002033089611873543
  phi   = -0.12923955265290815

Layer 5
  betaA = (0.29424915864037643-0.4710974901047296j)
  betaB = (0.5528404411105121+0.10653372315439291j)
  theta = -0.0011302883295279769
  phi   = -0.3502737154445171

Layer 6
  betaA = (0.03476856441969977+0.11816792668591626j)
  betaB = (0.04259289391085116+0.7554960580025929j)
  theta = 1.1349255692989741
  phi   = -0.07455347017162234

Layer 7
  betaA = (-0.058818216852693665-0.24801208965084706j)
  betaB = (0.00018548682905850762-0.0035499054066900765j)
  theta = 1.3029229397347115
  phi   = -0.0740385484951254

Layer 8
  betaA = (0.5302952838743019-0.00835855111641684j)
  betaB = (-0.428940592698943+0.33998146609157087j)
  theta = 0.0010595260851043742
  phi   = -0.1253906712115294

Layer 9
  betaA = (-0.773098767776065+0.021318171430402835j)
  betaB = (0.4287767313904917-0.3454577486847254j)
  theta = 1.6161563602167677
  phi   = -0.07405890468046954

Layer 10
  betaA = (-0.011809193837132522+0.10146982405987466j)
  betaB = (-0.032670114913584444+1.5689357838124673j)
  theta = -1.5645667702100676
  phi   = -0.07393692093735355

Layer 11
  betaA = (0.00018678064157389256-0.0006005216766910331j)
  betaB = (-1.5704234814245603-0.03287457894710673j)
  theta = -0.3431721562495434
  phi   = -0.5146694290512657

