=== theta = 0.3927  (d_cav = 20, cutoffA = 10, cutoffB = 2, layer budget = 12) ===
  Nlayers =  1   F_e = 0.46274096   cost = 5.373e-01   
  Nlayers =  2   F_e = 0.46274096   cost = 5.373e-01   
  Nlayers =  3   F_e = 0.46274096   cost = 5.373e-01   
  Nlayers =  4   F_e = 0.73225875   cost = 2.677e-01   
  Nlayers =  5   F_e = 0.94872456   cost = 5.128e-02   
  Nlayers =  6   F_e = 0.99782516   cost = 2.175e-03   F>=0.99@6
  Nlayers =  7   F_e = 0.99993542   cost = 6.458e-05   F>=0.99@6 F>=0.9999@7
  best F_e = 0.99993542   branch weights = (0.5102, 0.4898)
  layers for F_e >= 0.99    : 6
  layers for F_e >= 0.9999  : 7
  curves -> data/BS_theta0.393/

  optimized parameters (7 layers, F_e = 0.99993542) -> data/BS_theta0.393/optimized-params

Layer 0
  betaA = (-4.736099580036607e-08-2.665198816321502e-08j)
  betaB = (0.04472407353775899+0.03819005826205444j)
  theta = -1.5707953342358056
  phi   = -1.051094049634896

Layer 1
  betaA = (1.8987844402226628e-05-1.864567948864587e-05j)
  betaB = (-1.1944506575592522-1.020041635624942j)
  theta = 1.5710321073703863
  phi   = 0.5196896341379208

Layer 2
  betaA = (0.07866571808405197-0.09214781694809127j)
  betaB = (1.0200829063676926-1.1944984144343427j)
  theta = -1.5709646631244878
  phi   = 0.46088277095444113

Layer 3
  betaA = (-0.20898224265295298-0.1784588881413395j)
  betaB = (7.84634004430332e-05-0.00028342089905674056j)
  theta = -1.5706849349803709
  phi   = 0.4608815384934389

Layer 4
  betaA = (-0.1784241635513623+0.2090086602688561j)
  betaB = (5.096961407126148e-05+7.12573934223802e-05j)
  theta = -1.5709322656956404
  phi   = 0.4608858248193272

Layer 5
  betaA = (0.09213582899007199+0.07867175214937246j)
  betaB = (-1.1947235128208504-1.0199100666126746j)
  theta = 1.5707193310382277
  phi   = 0.4608885967990683

Layer 6
  betaA = (-1.3796235536322622e-05+2.4917199732101808e-06j)
  betaB = (1.0198644893121491-1.194705330712758j)
  theta = 0.025962171058590573
  phi   = -0.4459796299194162

