=== theta = 0.19635  (d_cav = 20, cutoffA = 10, cutoffB = 2, layer budget = 12) ===
  Nlayers =  1   F_e = 0.83723240   cost = 1.628e-01   
  Nlayers =  2   F_e = 0.83723240   cost = 1.628e-01   
  Nlayers =  3   F_e = 0.83723240   cost = 1.628e-01   
  Nlayers =  4   F_e = 0.83723240   cost = 1.628e-01   
  Nlayers =  5   F_e = 0.91766836   cost = 8.233e-02   
  Nlayers =  6   F_e = 0.99996455   cost = 3.545e-05   F>=0.99@6 F>=0.9999@6
  best F_e = 0.99996455   branch weights = (0.4957, 0.5043)
  layers for F_e >= 0.99    : 6
  layers for F_e >= 0.9999  : 6
  curves -> data/BS_theta0.196/

  optimized parameters (6 layers, F_e = 0.99996455) -> data/BS_theta0.196/optimized-params

Layer 0
  betaA = (1.8545535316983953e-07-3.979226481078311e-07j)
  betaB = (1.7763296428815962+0.19471652368993247j)
  theta = 1.5704727338402116
  phi   = -0.3567177726323928

Layer 1
  betaA = (-1.5138192399029846e-06-1.5603798137136133e-06j)
  betaB = (-1.5614920053660186-0.17137188201202233j)
  theta = 1.5717477066166192
  phi   = 1.209735768153905

Layer 2
  betaA = (-0.005907478440169411+0.09975401068797742j)
  betaB = (-0.17135243097099456+1.5615755715317745j)
  theta = -1.6192416206763147
  phi   = -0.1449038231133894

Layer 3
  betaA = (0.193698762842587+0.021078799335125437j)
  betaB = (-0.002419450230798405+0.028157712899343695j)
  theta = 1.6183370271675461
  phi   = -0.14478050250910537

Layer 4
  betaA = (-0.00591249546899847+0.09975958509594271j)
  betaB = (0.16954898180785058-1.5603902603487787j)
  theta = -1.5475483896871485
  phi   = -0.144762625756405

Layer 5
  betaA = (0.00010589301737230913-0.001984233895173899j)
  betaB = (-1.5619399139048598-0.16970073567192703j)
  theta = 0.1539724110467418
  phi   = -0.08927028000607948

